// Jest Snapshot v1, https://goo.gl/fbAQLP

exports[`CounterComponent Debe hacer match con el snapshot 1`] = `
"<h2>Contador 0</h2><hr><button type=\\"button\\" class=\\"btn btn-primary mx-2\\"> +1
</button><button type=\\"button\\" class=\\"btn btn-primary\\"> -1
</button>"
`;
